endpoints.SchedulerEndpoint: You have an error in your SQL syntax; check the manual that corresponds to your MariaDB server version for the right syntax to use near '23:14:09.584,2020-06-07 23:14:13.592)' at line 1
endpoints.SchedulerEndpoint: You have an error in your SQL syntax; check the manual that corresponds to your MariaDB server version for the right syntax to use near '23:22:34.024,2020-06-07 23:22:37.031)' at line 1
endpoints.SchedulerEndpoint: You have an error in your SQL syntax; check the manual that corresponds to your MariaDB server version for the right syntax to use near '23:25:15.993,2020-06-07 23:25:21.001)' at line 1
endpoints.SchedulerEndpoint: You have an error in your SQL syntax; check the manual that corresponds to your MariaDB server version for the right syntax to use near '23:26:41.403,2020-06-07 23:26:44.41)' at line 1
endpoints.SchedulerEndpoint: You have an error in your SQL syntax; check the manual that corresponds to your MariaDB server version for the right syntax to use near '23:27:09.033,2020-06-07 23:27:13.04)' at line 1
endpoints.SchedulerEndpoint: You have an error in your SQL syntax; check the manual that corresponds to your MariaDB server version for the right syntax to use near '23:29:42.296,2020-06-07 23:29:46.299)' at line 1
Database: Communications link failure

The last packet sent successfully to the server was 0 milliseconds ago. The driver has not received any packets from the server.
endpoints.SchedulerEndpoint: null
main.java.endpoints.ProjectsEndpoint: Column 'project_name' cannot be null
main.java.endpoints.ProjectsEndpoint: Before start of result set
main.java.endpoints.ProjectsEndpoint: Before start of result set
main.java.endpoints.ProjectsEndpoint: Before start of result set
